// Jest Snapshot v1, https://goo.gl/fbAQLP

exports[`Routes should render routes jsx 1`] = `
<BrowserRouter>
  <Switch>
    <Route
      component={
        Object {
          "$$typeof": Symbol(react.memo),
          "WrappedComponent": [Function],
          "compare": null,
          "displayName": "Connect(LandingPage)",
          "type": [Function],
        }
      }
      exact={true}
      path="/"
    />
    <Route
      component={[Function]}
      exact={true}
      path="/auth"
    />
    <Protected
      component={[Function]}
      path="/dashboard"
    />
    <Protected
      component={
        Object {
          "$$typeof": Symbol(react.memo),
          "WrappedComponent": [Function],
          "compare": null,
          "displayName": "Connect(SingleMeetup)",
          "type": [Function],
        }
      }
      exact={true}
      path="/meetup/:id"
    />
    <Protected
      component={
        Object {
          "$$typeof": Symbol(react.memo),
          "WrappedComponent": [Function],
          "compare": null,
          "displayName": "Connect(AdminDashboard)",
          "type": [Function],
        }
      }
      path="/admin"
    />
    <Protected
      component={
        Object {
          "$$typeof": Symbol(react.memo),
          "WrappedComponent": [Function],
          "compare": null,
          "displayName": "Connect(UserProfile)",
          "type": [Function],
        }
      }
      path="/user"
    />
    <Route
      component={[Function]}
    />
  </Switch>
</BrowserRouter>
`;
