// Jest Snapshot v1, https://goo.gl/fbAQLP

exports[`Admin container should render container correctly 1`] = `
<div>
  <ConnectFunction />
  <div
    className="container"
  >
    <div
      className="row mt-5"
    >
      <ConnectFunction
        open={false}
        toggle={[Function]}
      />
      <AdminTable
        data={Array []}
      />
    </div>
  </div>
  <Footer />
</div>
`;
