// Jest Snapshot v1, https://goo.gl/fbAQLP

exports[`Landing Page should render landing page correctly 1`] = `
<div>
  <Header
    navClass="nav_header"
    page="landingpage"
  />
  <div
    className="landingContainer"
  >
    <div
      className="topLanding"
    >
      <div
        className="top"
      >
        <img
          alt="landingimage"
          className="top_img"
          src={
            Object {
              "canInstrument": true,
              "createTransformer": [Function],
              "getCacheKey": [Function],
              "process": [Function],
            }
          }
        />
      </div>
      <Steps />
    </div>
    <div
      className="bottomLanding"
    >
      <div
        className="detail"
      >
        <div
          className="detail_img"
        >
          <img
            alt=""
            src={
              Object {
                "canInstrument": true,
                "createTransformer": [Function],
                "getCacheKey": [Function],
                "process": [Function],
              }
            }
          />
        </div>
        <div
          className="detail_text"
        >
          <p
            className="detail_title"
          >
            Questioner
          </p>
          <p
            className="detail_sub_text"
          >
            Live your best life. Your One stop for meetup events
          </p>
        </div>
      </div>
    </div>
  </div>
  <Footer />
</div>
`;

exports[`Landing Page should return to dashboard if already logged in 1`] = `
<Redirect
  to="/dashboard"
/>
`;
