// Jest Snapshot v1, https://goo.gl/fbAQLP

exports[`Single Meetup container should  render Single Meetup container with props 1`] = `
<div>
  <ConnectFunction />
  <div
    className="container mt-5 shadow-sm"
  >
    <SingleMeetupTop
      open={false}
      toggle={[Function]}
    />
    <SingleMeetupBottom />
  </div>
  <Footer />
</div>
`;
