// Jest Snapshot v1, https://goo.gl/fbAQLP

exports[`should render step component correctly 1`] = `
<div
  className="steps"
>
  <Step
    image={
      Object {
        "canInstrument": true,
        "createTransformer": [Function],
        "getCacheKey": [Function],
        "process": [Function],
      }
    }
    text="Register as a Questioner user"
  />
  <Step
    image={
      Object {
        "canInstrument": true,
        "createTransformer": [Function],
        "getCacheKey": [Function],
        "process": [Function],
      }
    }
    text="Login as a User"
  />
  <Step
    image={
      Object {
        "canInstrument": true,
        "createTransformer": [Function],
        "getCacheKey": [Function],
        "process": [Function],
      }
    }
    text="You can view Meet Ups and RSVP for any meetup"
  />
  <Step
    image={
      Object {
        "canInstrument": true,
        "createTransformer": [Function],
        "getCacheKey": [Function],
        "process": [Function],
      }
    }
    text="Ask Question? any information concerning a Meet Up"
  />
</div>
`;
