// Jest Snapshot v1, https://goo.gl/fbAQLP

exports[`should render step component correctly 1`] = `
<div
  className="steps"
>
  <Step
    image="register.svg"
    text="Register as a Questioner user"
  />
  <Step
    image="sign-in.svg"
    text="Login as a User"
  />
  <Step
    image="conference.svg"
    text="You can view Meet Ups and RSVP for any meetup"
  />
  <Step
    image="asking.svg"
    text="Ask Question? any information concerning a Meet Up"
  />
</div>
`;
