// Jest Snapshot v1, https://goo.gl/fbAQLP

exports[`Footer component should render footer component correctly  1`] = `
<footer
  className="py-4 footer page-footer fixed-bottom mt-5"
  id="sticky-footer"
>
  <div
    className="container text-center"
  >
    <small>
      Created with
      <img
        alt="love"
        src={
          Object {
            "canInstrument": true,
            "createTransformer": [Function],
            "getCacheKey": [Function],
            "process": [Function],
          }
        }
        style={
          Object {
            "marginLeft": "5px",
            "marginRight": "5px",
            "width": "12px",
          }
        }
      />
      by Okonji Chukwunonso
    </small>
  </div>
</footer>
`;
