// Jest Snapshot v1, https://goo.gl/fbAQLP

exports[` 1`] = `
<form
  method="post"
  onSubmit={[Function]}
>
  <div
    className="signup-form"
    id="signup-form"
  >
    <div
      className="double"
    >
      <input
        className="input form_sm"
        name="firstname"
        onChange={[Function]}
        placeholder="First Name"
        required={true}
        type="text"
        value=""
      />
      <input
        className="input form_sm"
        name="lastname"
        onChange={[Function]}
        placeholder="Last Name"
        required={true}
        type="text"
        value=""
      />
    </div>
    <div
      className="double"
    >
      <input
        className="input form_sm"
        name="username"
        onChange={[Function]}
        placeholder="Username"
        required={true}
        type="text"
        value=""
      />
    </div>
    <div
      className="double"
    >
      <input
        className="input form_sm"
        name="othername"
        onChange={[Function]}
        placeholder="other name"
        required={true}
        type="text"
        value=""
      />
    </div>
    <div
      className="double"
    >
      <input
        className="input form_sm"
        name="phonenumber"
        onChange={[Function]}
        placeholder="Phone number"
        required={true}
        type="text"
        value=""
      />
    </div>
    <input
      className="input form_lg"
      name="email"
      onChange={[Function]}
      placeholder="Email Address"
      required={true}
      type="email"
      value=""
    />
    <input
      className="input form_lg"
      name="password"
      onChange={[Function]}
      placeholder="Password"
      required={true}
      type="password"
      value=""
    />
    <div>
      <button
        className="btn"
        type="submit"
      >
        Create account
      </button>
    </div>
  </div>
</form>
`;

exports[`Register Compnent should handle firstname change 1`] = `
<form
  method="post"
  onSubmit={[Function]}
>
  <div
    className="signup-form"
    id="signup-form"
  >
    <div
      className="double"
    >
      <input
        className="input form_sm"
        name="firstname"
        onChange={[Function]}
        placeholder="First Name"
        required={true}
        type="text"
        value=""
      />
      <input
        className="input form_sm"
        name="lastname"
        onChange={[Function]}
        placeholder="Last Name"
        required={true}
        type="text"
        value=""
      />
    </div>
    <div
      className="double"
    >
      <input
        className="input form_sm"
        name="username"
        onChange={[Function]}
        placeholder="Username"
        required={true}
        type="text"
        value=""
      />
    </div>
    <div
      className="double"
    >
      <input
        className="input form_sm"
        name="othername"
        onChange={[Function]}
        placeholder="other name"
        required={true}
        type="text"
        value=""
      />
    </div>
    <div
      className="double"
    >
      <input
        className="input form_sm"
        name="phonenumber"
        onChange={[Function]}
        placeholder="Phone number"
        required={true}
        type="text"
        value=""
      />
    </div>
    <input
      className="input form_lg"
      name="email"
      onChange={[Function]}
      placeholder="Email Address"
      required={true}
      type="email"
      value=""
    />
    <input
      className="input form_lg"
      name="password"
      onChange={[Function]}
      placeholder="Password"
      required={true}
      type="password"
      value=""
    />
    <div>
      <button
        className="btn"
        type="submit"
      >
        Create account
      </button>
    </div>
  </div>
</form>
`;

exports[`Register Compnent should handle firstname change 2`] = `
<form
  method="post"
  onSubmit={[Function]}
>
  <div
    className="signup-form"
    id="signup-form"
  >
    <div
      className="double"
    >
      <input
        className="input form_sm"
        name="firstname"
        onChange={[Function]}
        placeholder="First Name"
        required={true}
        type="text"
        value=""
      />
      <input
        className="input form_sm"
        name="lastname"
        onChange={[Function]}
        placeholder="Last Name"
        required={true}
        type="text"
        value=""
      />
    </div>
    <div
      className="double"
    >
      <input
        className="input form_sm"
        name="username"
        onChange={[Function]}
        placeholder="Username"
        required={true}
        type="text"
        value=""
      />
    </div>
    <div
      className="double"
    >
      <input
        className="input form_sm"
        name="othername"
        onChange={[Function]}
        placeholder="other name"
        required={true}
        type="text"
        value=""
      />
    </div>
    <div
      className="double"
    >
      <input
        className="input form_sm"
        name="phonenumber"
        onChange={[Function]}
        placeholder="Phone number"
        required={true}
        type="text"
        value=""
      />
    </div>
    <input
      className="input form_lg"
      name="email"
      onChange={[Function]}
      placeholder="Email Address"
      required={true}
      type="email"
      value=""
    />
    <input
      className="input form_lg"
      name="password"
      onChange={[Function]}
      placeholder="Password"
      required={true}
      type="password"
      value=""
    />
    <div>
      <button
        className="btn"
        type="submit"
      >
        Create account
      </button>
    </div>
  </div>
</form>
`;

exports[`Register Compnent should handle form submit 1`] = `
<form
  method="post"
  onSubmit={[Function]}
>
  <div
    className="signup-form"
    id="signup-form"
  >
    <div
      className="double"
    >
      <input
        className="input form_sm"
        name="firstname"
        onChange={[Function]}
        placeholder="First Name"
        required={true}
        type="text"
        value=""
      />
      <input
        className="input form_sm"
        name="lastname"
        onChange={[Function]}
        placeholder="Last Name"
        required={true}
        type="text"
        value=""
      />
    </div>
    <div
      className="double"
    >
      <input
        className="input form_sm"
        name="username"
        onChange={[Function]}
        placeholder="Username"
        required={true}
        type="text"
        value=""
      />
    </div>
    <div
      className="double"
    >
      <input
        className="input form_sm"
        name="othername"
        onChange={[Function]}
        placeholder="other name"
        required={true}
        type="text"
        value=""
      />
    </div>
    <div
      className="double"
    >
      <input
        className="input form_sm"
        name="phonenumber"
        onChange={[Function]}
        placeholder="Phone number"
        required={true}
        type="text"
        value=""
      />
    </div>
    <input
      className="input form_lg"
      name="email"
      onChange={[Function]}
      placeholder="Email Address"
      required={true}
      type="email"
      value=""
    />
    <input
      className="input form_lg"
      name="password"
      onChange={[Function]}
      placeholder="Password"
      required={true}
      type="password"
      value=""
    />
    <div>
      <button
        className="btn"
        type="submit"
      >
        Create account
      </button>
    </div>
  </div>
</form>
`;

exports[`Register Compnent should handle password change 1`] = `
<form
  method="post"
  onSubmit={[Function]}
>
  <div
    className="signup-form"
    id="signup-form"
  >
    <div
      className="double"
    >
      <input
        className="input form_sm"
        name="firstname"
        onChange={[Function]}
        placeholder="First Name"
        required={true}
        type="text"
        value=""
      />
      <input
        className="input form_sm"
        name="lastname"
        onChange={[Function]}
        placeholder="Last Name"
        required={true}
        type="text"
        value=""
      />
    </div>
    <div
      className="double"
    >
      <input
        className="input form_sm"
        name="username"
        onChange={[Function]}
        placeholder="Username"
        required={true}
        type="text"
        value=""
      />
    </div>
    <div
      className="double"
    >
      <input
        className="input form_sm"
        name="othername"
        onChange={[Function]}
        placeholder="other name"
        required={true}
        type="text"
        value=""
      />
    </div>
    <div
      className="double"
    >
      <input
        className="input form_sm"
        name="phonenumber"
        onChange={[Function]}
        placeholder="Phone number"
        required={true}
        type="text"
        value=""
      />
    </div>
    <input
      className="input form_lg"
      name="email"
      onChange={[Function]}
      placeholder="Email Address"
      required={true}
      type="email"
      value=""
    />
    <input
      className="input form_lg"
      name="password"
      onChange={[Function]}
      placeholder="Password"
      required={true}
      type="password"
      value=""
    />
    <div>
      <button
        className="btn"
        type="submit"
      >
        Create account
      </button>
    </div>
  </div>
</form>
`;

exports[`Register Compnent should handle password change 2`] = `
<form
  method="post"
  onSubmit={[Function]}
>
  <div
    className="signup-form"
    id="signup-form"
  >
    <div
      className="double"
    >
      <input
        className="input form_sm"
        name="firstname"
        onChange={[Function]}
        placeholder="First Name"
        required={true}
        type="text"
        value=""
      />
      <input
        className="input form_sm"
        name="lastname"
        onChange={[Function]}
        placeholder="Last Name"
        required={true}
        type="text"
        value=""
      />
    </div>
    <div
      className="double"
    >
      <input
        className="input form_sm"
        name="username"
        onChange={[Function]}
        placeholder="Username"
        required={true}
        type="text"
        value=""
      />
    </div>
    <div
      className="double"
    >
      <input
        className="input form_sm"
        name="othername"
        onChange={[Function]}
        placeholder="other name"
        required={true}
        type="text"
        value=""
      />
    </div>
    <div
      className="double"
    >
      <input
        className="input form_sm"
        name="phonenumber"
        onChange={[Function]}
        placeholder="Phone number"
        required={true}
        type="text"
        value=""
      />
    </div>
    <input
      className="input form_lg"
      name="email"
      onChange={[Function]}
      placeholder="Email Address"
      required={true}
      type="email"
      value=""
    />
    <input
      className="input form_lg"
      name="password"
      onChange={[Function]}
      placeholder="Password"
      required={true}
      type="password"
      value=""
    />
    <div>
      <button
        className="btn"
        type="submit"
      >
        Create account
      </button>
    </div>
  </div>
</form>
`;
